{"level":"info","message":"✅ Database indexes created","timestamp":"2026-04-23T21:52:22.919Z"}
{"level":"info","message":"✅ MongoDB connected successfully","timestamp":"2026-04-23T21:52:22.930Z"}
{"level":"info","message":"🚀 Server running on port 3000","timestamp":"2026-04-23T21:52:22.944Z"}
{"level":"info","message":"📝 Environment: development","timestamp":"2026-04-23T21:52:22.946Z"}
{"level":"info","message":"🔗 API URL: http://localhost:3000","timestamp":"2026-04-23T21:52:22.949Z"}
{"level":"info","message":"✅ Database indexes created","timestamp":"2026-04-25T14:14:56.744Z"}
{"level":"info","message":"✅ MongoDB connected successfully","timestamp":"2026-04-25T14:14:56.751Z"}
{"level":"info","message":"🚀 Server running on port 3000","timestamp":"2026-04-25T14:14:56.761Z"}
{"level":"info","message":"📝 Environment: development","timestamp":"2026-04-25T14:14:56.762Z"}
{"level":"info","message":"🔗 API URL: http://localhost:3000","timestamp":"2026-04-25T14:14:56.763Z"}
{"level":"info","message":"✅ Database indexes created","timestamp":"2026-04-25T14:22:33.321Z"}
{"level":"info","message":"✅ MongoDB connected successfully","timestamp":"2026-04-25T14:22:33.331Z"}
{"level":"info","message":"🚀 Server running on port 3000","timestamp":"2026-04-25T14:22:33.341Z"}
{"level":"info","message":"📝 Environment: development","timestamp":"2026-04-25T14:22:33.342Z"}
{"level":"info","message":"🔗 API URL: http://localhost:3000","timestamp":"2026-04-25T14:22:33.346Z"}
{"level":"info","message":"GET /api-docs - ::1","timestamp":"2026-04-25T14:22:55.634Z"}
{"level":"info","message":"GET /favicon.ico - ::1","timestamp":"2026-04-25T14:22:57.301Z"}
{"level":"info","message":"✅ Database indexes created","timestamp":"2026-04-25T15:33:38.305Z"}
{"level":"info","message":"✅ MongoDB connected successfully","timestamp":"2026-04-25T15:33:38.314Z"}
{"level":"info","message":"🚀 Server running on port 3000","timestamp":"2026-04-25T15:33:38.329Z"}
{"level":"info","message":"📝 Environment: development","timestamp":"2026-04-25T15:33:38.331Z"}
{"level":"info","message":"🔗 API URL: http://localhost:3000","timestamp":"2026-04-25T15:33:38.331Z"}
{"level":"info","message":"✅ Database indexes created","timestamp":"2026-04-25T15:34:48.845Z"}
{"level":"info","message":"✅ MongoDB connected successfully","timestamp":"2026-04-25T15:34:48.858Z"}
{"level":"info","message":"🚀 Server running on port 3000","timestamp":"2026-04-25T15:34:48.869Z"}
{"level":"info","message":"📝 Environment: development","timestamp":"2026-04-25T15:34:48.875Z"}
{"level":"info","message":"🔗 API URL: http://localhost:3000","timestamp":"2026-04-25T15:34:48.884Z"}
{"level":"info","message":"GET / - ::1","timestamp":"2026-04-25T15:34:54.743Z"}
{"level":"info","message":"✅ Database indexes created","timestamp":"2026-04-25T15:37:00.208Z"}
{"level":"info","message":"✅ MongoDB connected successfully","timestamp":"2026-04-25T15:37:00.214Z"}
{"level":"info","message":"🚀 Server running on port 3000","timestamp":"2026-04-25T15:37:00.223Z"}
{"level":"info","message":"📝 Environment: development","timestamp":"2026-04-25T15:37:00.226Z"}
{"level":"info","message":"🔗 API URL: http://localhost:3000","timestamp":"2026-04-25T15:37:00.227Z"}
{"level":"info","message":"GET / - ::1","timestamp":"2026-04-25T15:37:45.887Z"}
{"level":"info","message":"GET /api-docs - ::1","timestamp":"2026-04-25T15:37:45.915Z"}
{"level":"info","message":"GET /api-docs/ - ::1","timestamp":"2026-04-25T15:37:45.935Z"}
{"level":"info","message":"GET /api-docs/swagger-ui.css - ::1","timestamp":"2026-04-25T15:37:46.168Z"}
{"level":"info","message":"GET /api-docs/swagger-ui-bundle.js - ::1","timestamp":"2026-04-25T15:37:46.208Z"}
{"level":"info","message":"GET /api-docs/swagger-ui-standalone-preset.js - ::1","timestamp":"2026-04-25T15:37:46.226Z"}
{"level":"info","message":"GET /api-docs/swagger-ui-init.js - ::1","timestamp":"2026-04-25T15:37:46.229Z"}
{"level":"info","message":"GET /api-docs/favicon-32x32.png - ::1","timestamp":"2026-04-25T15:37:48.409Z"}
{"level":"info","message":"✅ Database indexes created","timestamp":"2026-04-25T15:39:08.623Z"}
{"level":"info","message":"✅ MongoDB connected successfully","timestamp":"2026-04-25T15:39:08.631Z"}
{"level":"info","message":"🚀 Server running on port 3000","timestamp":"2026-04-25T15:39:08.636Z"}
{"level":"info","message":"📝 Environment: development","timestamp":"2026-04-25T15:39:08.637Z"}
{"level":"info","message":"🔗 API URL: http://localhost:3000","timestamp":"2026-04-25T15:39:08.638Z"}
{"level":"info","message":"✅ Database indexes created","timestamp":"2026-04-25T15:39:20.768Z"}
{"level":"info","message":"✅ MongoDB connected successfully","timestamp":"2026-04-25T15:39:20.776Z"}
{"level":"info","message":"🚀 Server running on port 3000","timestamp":"2026-04-25T15:39:20.783Z"}
{"level":"info","message":"📝 Environment: development","timestamp":"2026-04-25T15:39:20.784Z"}
{"level":"info","message":"🔗 API URL: http://localhost:3000","timestamp":"2026-04-25T15:39:20.786Z"}
{"level":"info","message":"✅ Database indexes created","timestamp":"2026-04-25T15:39:34.627Z"}
{"level":"info","message":"✅ MongoDB connected successfully","timestamp":"2026-04-25T15:39:34.635Z"}
{"level":"info","message":"🚀 Server running on port 3000","timestamp":"2026-04-25T15:39:34.642Z"}
{"level":"info","message":"📝 Environment: development","timestamp":"2026-04-25T15:39:34.643Z"}
{"level":"info","message":"🔗 API URL: http://localhost:3000","timestamp":"2026-04-25T15:39:34.644Z"}
{"level":"info","message":"✅ Database indexes created","timestamp":"2026-04-25T15:39:46.334Z"}
{"level":"info","message":"✅ MongoDB connected successfully","timestamp":"2026-04-25T15:39:46.345Z"}
{"level":"info","message":"🚀 Server running on port 3000","timestamp":"2026-04-25T15:39:46.356Z"}
{"level":"info","message":"📝 Environment: development","timestamp":"2026-04-25T15:39:46.357Z"}
{"level":"info","message":"🔗 API URL: http://localhost:3000","timestamp":"2026-04-25T15:39:46.359Z"}
{"level":"info","message":"GET / - ::1","timestamp":"2026-04-25T15:40:09.445Z"}
{"level":"info","message":"GET /api-docs/ - ::1","timestamp":"2026-04-25T15:40:09.499Z"}
{"level":"info","message":"GET /api-docs/swagger-ui.css - ::1","timestamp":"2026-04-25T15:40:09.616Z"}
{"level":"info","message":"GET /api-docs/swagger-ui-bundle.js - ::1","timestamp":"2026-04-25T15:40:09.627Z"}
{"level":"info","message":"GET /api-docs/swagger-ui-standalone-preset.js - ::1","timestamp":"2026-04-25T15:40:09.639Z"}
{"level":"info","message":"GET /api-docs/swagger-ui-init.js - ::1","timestamp":"2026-04-25T15:40:09.647Z"}
{"level":"info","message":"GET /api/vehicles - ::1","timestamp":"2026-04-25T15:45:45.623Z"}
{"level":"info","message":"POST /api/auth/login - ::1","timestamp":"2026-04-25T15:51:30.405Z"}
{"level":"info","message":"POST /api/locations - ::1","timestamp":"2026-04-25T16:01:06.451Z"}
{"level":"error","message":"500 - Vehicle not found or inactive - /api/locations - POST - ::1","timestamp":"2026-04-25T16:01:06.510Z"}
{"level":"info","message":"✅ Database indexes created","timestamp":"2026-04-25T16:04:43.574Z"}
{"level":"info","message":"✅ MongoDB connected successfully","timestamp":"2026-04-25T16:04:43.581Z"}
{"level":"info","message":"🚀 Server running on port 3000","timestamp":"2026-04-25T16:04:43.587Z"}
{"level":"info","message":"📝 Environment: development","timestamp":"2026-04-25T16:04:43.588Z"}
{"level":"info","message":"🔗 API URL: http://localhost:3000","timestamp":"2026-04-25T16:04:43.589Z"}
{"level":"info","message":"✅ Database indexes created","timestamp":"2026-04-25T16:04:58.022Z"}
{"level":"info","message":"✅ MongoDB connected successfully","timestamp":"2026-04-25T16:04:58.029Z"}
{"level":"info","message":"🚀 Server running on port 3000","timestamp":"2026-04-25T16:04:58.039Z"}
{"level":"info","message":"📝 Environment: development","timestamp":"2026-04-25T16:04:58.040Z"}
{"level":"info","message":"🔗 API URL: http://localhost:3000","timestamp":"2026-04-25T16:04:58.041Z"}
{"level":"info","message":"GET /api-docs/ - ::1","timestamp":"2026-04-25T16:05:29.806Z"}
{"level":"info","message":"GET /api-docs/swagger-ui.css - ::1","timestamp":"2026-04-25T16:05:30.126Z"}
{"level":"info","message":"GET /api-docs/swagger-ui-bundle.js - ::1","timestamp":"2026-04-25T16:05:30.169Z"}
{"level":"info","message":"GET /api-docs/swagger-ui-standalone-preset.js - ::1","timestamp":"2026-04-25T16:05:30.220Z"}
{"level":"info","message":"GET /api-docs/swagger-ui-init.js - ::1","timestamp":"2026-04-25T16:05:30.286Z"}
{"level":"info","message":"POST /api/locations - ::1","timestamp":"2026-04-25T16:05:44.994Z"}
{"level":"error","message":"500 - Vehicle not found or inactive - /api/locations - POST - ::1","timestamp":"2026-04-25T16:05:45.478Z"}
{"level":"info","message":"POST /api/locations - ::1","timestamp":"2026-04-25T16:08:35.193Z"}
{"level":"error","message":"500 - Vehicle not found or inactive - /api/locations - POST - ::1","timestamp":"2026-04-25T16:08:35.211Z"}
{"level":"info","message":"POST /api/locations - ::1","timestamp":"2026-04-25T16:14:30.473Z"}
{"level":"error","message":"500 - Vehicle not found or inactive - /api/locations - POST - ::1","timestamp":"2026-04-25T16:14:30.483Z"}
{"level":"info","message":"POST /api/auth/login - ::1","timestamp":"2026-04-25T16:14:48.078Z"}
{"level":"error","message":"500 - Invalid credentials - /api/auth/login - POST - ::1","timestamp":"2026-04-25T16:14:48.089Z"}
{"level":"info","message":"POST /api/auth/login - ::1","timestamp":"2026-04-25T16:14:53.581Z"}
{"level":"error","message":"500 - Invalid credentials - /api/auth/login - POST - ::1","timestamp":"2026-04-25T16:14:53.600Z"}
{"level":"info","message":"POST /api/auth/login - ::1","timestamp":"2026-04-25T16:18:14.095Z"}
{"level":"info","message":"POST /api/locations - ::1","timestamp":"2026-04-25T16:19:01.058Z"}
{"level":"error","message":"500 - Vehicle not found or inactive - /api/locations - POST - ::1","timestamp":"2026-04-25T16:19:01.065Z"}
{"level":"info","message":"POST /api/auth/login - ::1","timestamp":"2026-04-25T16:19:07.714Z"}
{"level":"info","message":"POST /api/locations - ::1","timestamp":"2026-04-25T16:23:13.559Z"}
{"level":"error","message":"500 - Vehicle not found or inactive - /api/locations - POST - ::1","timestamp":"2026-04-25T16:23:13.637Z"}
{"level":"info","message":"POST /api/locations - ::1","timestamp":"2026-04-25T16:25:20.485Z"}
{"level":"info","message":"GET /api/locations/history - ::1","timestamp":"2026-04-25T16:25:55.541Z"}
{"level":"info","message":"GET /api/metadata/provinces - ::1","timestamp":"2026-04-25T16:26:02.334Z"}
{"level":"info","message":"✅ Database indexes created","timestamp":"2026-04-26T14:56:05.330Z"}
{"level":"info","message":"✅ MongoDB connected successfully","timestamp":"2026-04-26T14:56:05.338Z"}
{"level":"info","message":"🚀 Server running on port 3000","timestamp":"2026-04-26T14:56:05.351Z"}
{"level":"info","message":"📝 Environment: development","timestamp":"2026-04-26T14:56:05.352Z"}
{"level":"info","message":"🔗 API URL: http://localhost:3000","timestamp":"2026-04-26T14:56:05.354Z"}
{"level":"info","message":"GET / - ::1","timestamp":"2026-04-26T14:56:57.600Z"}
{"level":"info","message":"GET /api-docs - ::1","timestamp":"2026-04-26T14:56:57.897Z"}
{"level":"info","message":"GET /api-docs/ - ::1","timestamp":"2026-04-26T14:56:57.949Z"}
{"level":"info","message":"GET /api-docs/swagger-ui.css - ::1","timestamp":"2026-04-26T14:56:58.209Z"}
{"level":"info","message":"GET /api-docs/swagger-ui-bundle.js - ::1","timestamp":"2026-04-26T14:56:58.253Z"}
{"level":"info","message":"GET /api-docs/swagger-ui-standalone-preset.js - ::1","timestamp":"2026-04-26T14:56:58.295Z"}
{"level":"info","message":"GET /api-docs/swagger-ui-init.js - ::1","timestamp":"2026-04-26T14:56:58.303Z"}
{"level":"info","message":"GET /api-docs/favicon-32x32.png - ::1","timestamp":"2026-04-26T14:56:59.862Z"}
{"level":"info","message":"✅ Database indexes created","timestamp":"2026-04-26T14:59:24.525Z"}
{"level":"info","message":"✅ MongoDB connected successfully","timestamp":"2026-04-26T14:59:24.534Z"}
{"level":"info","message":"🚀 Server running on port 3000","timestamp":"2026-04-26T14:59:24.543Z"}
{"level":"info","message":"📝 Environment: development","timestamp":"2026-04-26T14:59:24.544Z"}
{"level":"info","message":"🔗 API URL: http://localhost:3000","timestamp":"2026-04-26T14:59:24.545Z"}
{"level":"info","message":"POST /api/auth/login - ::1","timestamp":"2026-04-26T15:01:52.976Z"}
{"level":"info","message":"GET /api-docs/ - ::1","timestamp":"2026-04-26T15:05:15.340Z"}
{"level":"info","message":"GET /api-docs/swagger-ui.css - ::1","timestamp":"2026-04-26T15:05:15.686Z"}
{"level":"info","message":"GET /api-docs/swagger-ui-init.js - ::1","timestamp":"2026-04-26T15:05:15.703Z"}
{"level":"info","message":"GET /api-docs/swagger-ui-bundle.js - ::1","timestamp":"2026-04-26T15:05:15.711Z"}
{"level":"info","message":"GET /api-docs/swagger-ui-standalone-preset.js - ::1","timestamp":"2026-04-26T15:05:15.724Z"}
{"level":"info","message":"✅ Database indexes created","timestamp":"2026-04-26T15:09:26.117Z"}
{"level":"info","message":"✅ MongoDB connected successfully","timestamp":"2026-04-26T15:09:26.127Z"}
{"level":"info","message":"🚀 Server running on port 3000","timestamp":"2026-04-26T15:09:26.136Z"}
{"level":"info","message":"📝 Environment: development","timestamp":"2026-04-26T15:09:26.137Z"}
{"level":"info","message":"🔗 API URL: http://localhost:3000","timestamp":"2026-04-26T15:09:26.137Z"}
{"level":"info","message":"GET /api-docs/swagger.json - ::1","timestamp":"2026-04-26T15:11:40.804Z"}
{"level":"info","message":"GET /api-docs/swagger-ui.css - ::1","timestamp":"2026-04-26T15:11:41.152Z"}
{"level":"info","message":"GET /api-docs/swagger-ui-init.js - ::1","timestamp":"2026-04-26T15:11:41.174Z"}
{"level":"info","message":"GET /api-docs/swagger-ui-bundle.js - ::1","timestamp":"2026-04-26T15:11:41.188Z"}
{"level":"info","message":"GET /api-docs/swagger-ui-standalone-preset.js - ::1","timestamp":"2026-04-26T15:11:41.190Z"}
{"level":"info","message":"POST /api/auth/login - ::1","timestamp":"2026-04-26T15:53:18.787Z"}
{"level":"info","message":"GET /api/vehicles - ::1","timestamp":"2026-04-26T15:54:39.413Z"}
{"level":"info","message":"GET /api/users - ::1","timestamp":"2026-04-26T15:55:14.580Z"}
{"level":"info","message":"GET /api/locations/live - ::1","timestamp":"2026-04-26T15:56:30.293Z"}
{"level":"info","message":"GET /api/metadata/provinces - ::1","timestamp":"2026-04-26T15:56:48.624Z"}
{"level":"info","message":"GET /api/metadata/districts - ::1","timestamp":"2026-04-26T15:57:00.672Z"}
{"level":"info","message":"GET /api/metadata/police-stations - ::1","timestamp":"2026-04-26T15:57:12.422Z"}
{"level":"info","message":"GET /api/metadata/police-stations - ::1","timestamp":"2026-04-26T15:57:18.654Z"}
{"level":"info","message":"✅ Database indexes created","timestamp":"2026-05-02T12:53:52.621Z"}
{"level":"info","message":"✅ MongoDB connected successfully","timestamp":"2026-05-02T12:53:52.626Z"}
{"level":"info","message":"🚀 Server running on port 3000","timestamp":"2026-05-02T12:53:52.636Z"}
{"level":"info","message":"📝 Environment: development","timestamp":"2026-05-02T12:53:52.636Z"}
{"level":"info","message":"🔗 API URL: http://localhost:3000","timestamp":"2026-05-02T12:53:52.637Z"}
{"level":"info","message":"✅ Database indexes created","timestamp":"2026-05-02T13:45:18.064Z"}
{"level":"info","message":"✅ MongoDB connected successfully","timestamp":"2026-05-02T13:45:18.084Z"}
{"level":"info","message":"🚀 Server running on port 3000","timestamp":"2026-05-02T13:45:18.095Z"}
{"level":"info","message":"📝 Environment: development","timestamp":"2026-05-02T13:45:18.096Z"}
{"level":"info","message":"🔗 API URL: http://localhost:3000","timestamp":"2026-05-02T13:45:18.097Z"}
{"level":"info","message":"✅ Database indexes created","timestamp":"2026-05-02T13:45:29.453Z"}
{"level":"info","message":"✅ MongoDB connected successfully","timestamp":"2026-05-02T13:45:29.460Z"}
{"level":"info","message":"🚀 Server running on port 3000","timestamp":"2026-05-02T13:45:29.464Z"}
{"level":"info","message":"📝 Environment: development","timestamp":"2026-05-02T13:45:29.465Z"}
{"level":"info","message":"🔗 API URL: http://localhost:3000","timestamp":"2026-05-02T13:45:29.465Z"}
{"level":"info","message":"✅ Database indexes created","timestamp":"2026-05-02T13:48:51.658Z"}
{"level":"info","message":"✅ MongoDB connected successfully","timestamp":"2026-05-02T13:48:51.676Z"}
{"level":"info","message":"🚀 Server running on port 3000","timestamp":"2026-05-02T13:48:51.699Z"}
{"level":"info","message":"📝 Environment: development","timestamp":"2026-05-02T13:48:51.700Z"}
{"level":"info","message":"🔗 API URL: http://localhost:3000","timestamp":"2026-05-02T13:48:51.705Z"}
{"level":"info","message":"✅ Database indexes created","timestamp":"2026-05-02T13:49:00.657Z"}
{"level":"info","message":"✅ MongoDB connected successfully","timestamp":"2026-05-02T13:49:00.672Z"}
{"level":"info","message":"🚀 Server running on port 3000","timestamp":"2026-05-02T13:49:00.683Z"}
{"level":"info","message":"📝 Environment: development","timestamp":"2026-05-02T13:49:00.685Z"}
{"level":"info","message":"🔗 API URL: http://localhost:3000","timestamp":"2026-05-02T13:49:00.686Z"}
{"level":"info","message":"✅ Database indexes created","timestamp":"2026-05-02T13:49:06.724Z"}
{"level":"info","message":"✅ MongoDB connected successfully","timestamp":"2026-05-02T13:49:06.731Z"}
{"level":"info","message":"🚀 Server running on port 3000","timestamp":"2026-05-02T13:49:06.736Z"}
{"level":"info","message":"📝 Environment: development","timestamp":"2026-05-02T13:49:06.736Z"}
{"level":"info","message":"🔗 API URL: http://localhost:3000","timestamp":"2026-05-02T13:49:06.737Z"}
{"level":"info","message":"✅ Database indexes created","timestamp":"2026-05-02T13:49:45.811Z"}
{"level":"info","message":"✅ MongoDB connected successfully","timestamp":"2026-05-02T13:49:45.822Z"}
{"level":"info","message":"🚀 Server running on port 3000","timestamp":"2026-05-02T13:49:45.828Z"}
{"level":"info","message":"📝 Environment: development","timestamp":"2026-05-02T13:49:45.829Z"}
{"level":"info","message":"🔗 API URL: http://localhost:3000","timestamp":"2026-05-02T13:49:45.829Z"}
{"level":"info","message":"✅ Database indexes created","timestamp":"2026-05-02T14:03:33.179Z"}
{"level":"info","message":"✅ MongoDB connected successfully","timestamp":"2026-05-02T14:03:33.190Z"}
{"level":"info","message":"🚀 Server running on port 3000","timestamp":"2026-05-02T14:03:33.200Z"}
{"level":"info","message":"📝 Environment: development","timestamp":"2026-05-02T14:03:33.201Z"}
{"level":"info","message":"🔗 API URL: http://localhost:3000","timestamp":"2026-05-02T14:03:33.202Z"}
{"level":"info","message":"✅ Database indexes created","timestamp":"2026-05-02T14:05:57.377Z"}
{"level":"info","message":"✅ MongoDB connected successfully","timestamp":"2026-05-02T14:05:57.383Z"}
{"level":"info","message":"🚀 Server running on port 3000","timestamp":"2026-05-02T14:05:57.387Z"}
{"level":"info","message":"📝 Environment: development","timestamp":"2026-05-02T14:05:57.387Z"}
{"level":"info","message":"🔗 API URL: http://localhost:3000","timestamp":"2026-05-02T14:05:57.388Z"}
{"level":"info","message":"✅ Database indexes created","timestamp":"2026-05-02T14:08:53.536Z"}
{"level":"info","message":"✅ MongoDB connected successfully","timestamp":"2026-05-02T14:08:53.545Z"}
{"level":"info","message":"🚀 Server running on port 3000","timestamp":"2026-05-02T14:08:53.554Z"}
{"level":"info","message":"📝 Environment: development","timestamp":"2026-05-02T14:08:53.555Z"}
{"level":"info","message":"🔗 API URL: http://localhost:3000","timestamp":"2026-05-02T14:08:53.555Z"}
{"level":"info","message":"✅ Database indexes created","timestamp":"2026-05-02T14:09:07.939Z"}
{"level":"info","message":"✅ MongoDB connected successfully","timestamp":"2026-05-02T14:09:07.949Z"}
{"level":"info","message":"🚀 Server running on port 3000","timestamp":"2026-05-02T14:09:07.955Z"}
{"level":"info","message":"📝 Environment: development","timestamp":"2026-05-02T14:09:07.956Z"}
{"level":"info","message":"🔗 API URL: http://localhost:3000","timestamp":"2026-05-02T14:09:07.956Z"}
{"level":"info","message":"✅ Database indexes created","timestamp":"2026-05-02T14:09:57.001Z"}
{"level":"info","message":"✅ MongoDB connected successfully","timestamp":"2026-05-02T14:09:57.008Z"}
{"level":"info","message":"🚀 Server running on port 3000","timestamp":"2026-05-02T14:09:57.015Z"}
{"level":"info","message":"📝 Environment: development","timestamp":"2026-05-02T14:09:57.016Z"}
{"level":"info","message":"🔗 API URL: http://localhost:3000","timestamp":"2026-05-02T14:09:57.016Z"}
{"level":"info","message":"✅ Database indexes created","timestamp":"2026-05-02T14:11:09.831Z"}
{"level":"info","message":"✅ MongoDB connected successfully","timestamp":"2026-05-02T14:11:09.840Z"}
{"level":"info","message":"🚀 Server running on port 3000","timestamp":"2026-05-02T14:11:09.846Z"}
{"level":"info","message":"📝 Environment: development","timestamp":"2026-05-02T14:11:09.847Z"}
{"level":"info","message":"🔗 API URL: http://localhost:3000","timestamp":"2026-05-02T14:11:09.848Z"}
{"level":"info","message":"✅ Database indexes created","timestamp":"2026-05-02T14:17:59.950Z"}
{"level":"info","message":"✅ MongoDB connected successfully","timestamp":"2026-05-02T14:17:59.955Z"}
{"level":"info","message":"🚀 Server running on port 3000","timestamp":"2026-05-02T14:17:59.960Z"}
{"level":"info","message":"📝 Environment: development","timestamp":"2026-05-02T14:17:59.961Z"}
{"level":"info","message":"🔗 API URL: http://localhost:3000","timestamp":"2026-05-02T14:17:59.961Z"}
{"level":"info","message":"✅ Database indexes created","timestamp":"2026-05-02T14:18:43.070Z"}
{"level":"info","message":"✅ MongoDB connected successfully","timestamp":"2026-05-02T14:18:43.078Z"}
{"level":"info","message":"🚀 Server running on port 3000","timestamp":"2026-05-02T14:18:43.084Z"}
{"level":"info","message":"📝 Environment: development","timestamp":"2026-05-02T14:18:43.084Z"}
{"level":"info","message":"🔗 API URL: http://localhost:3000","timestamp":"2026-05-02T14:18:43.085Z"}
{"level":"info","message":"GET /health - ::ffff:127.0.0.1","timestamp":"2026-05-02T14:18:57.611Z"}
{"level":"info","message":"GET / - ::ffff:127.0.0.1","timestamp":"2026-05-02T14:18:57.664Z"}
{"level":"info","message":"GET /api/v1/unknown - ::ffff:127.0.0.1","timestamp":"2026-05-02T14:18:57.684Z"}
{"level":"info","message":"POST /api/auth/login - ::ffff:127.0.0.1","timestamp":"2026-05-02T14:18:57.736Z"}
{"level":"error","message":"500 - Database not connected - /api/auth/login - POST - ::ffff:127.0.0.1","timestamp":"2026-05-02T14:18:57.753Z"}
{"level":"info","message":"POST /api/auth/login - ::ffff:127.0.0.1","timestamp":"2026-05-02T14:18:57.782Z"}
{"level":"info","message":"GET /api/vehicles - ::ffff:127.0.0.1","timestamp":"2026-05-02T14:18:57.800Z"}
{"level":"info","message":"GET /api/locations/live - ::ffff:127.0.0.1","timestamp":"2026-05-02T14:18:57.819Z"}
{"level":"info","message":"✅ Database indexes created","timestamp":"2026-05-02T14:19:24.824Z"}
{"level":"info","message":"✅ MongoDB connected successfully","timestamp":"2026-05-02T14:19:24.830Z"}
{"level":"info","message":"🚀 Server running on port 3000","timestamp":"2026-05-02T14:19:24.837Z"}
{"level":"info","message":"📝 Environment: development","timestamp":"2026-05-02T14:19:24.838Z"}
{"level":"info","message":"🔗 API URL: http://localhost:3000","timestamp":"2026-05-02T14:19:24.839Z"}
{"level":"info","message":"✅ Database indexes created","timestamp":"2026-05-02T14:19:39.532Z"}
{"level":"info","message":"✅ MongoDB connected successfully","timestamp":"2026-05-02T14:19:39.543Z"}
{"level":"info","message":"GET /health - ::ffff:127.0.0.1","timestamp":"2026-05-02T14:19:39.577Z"}
{"level":"info","message":"GET / - ::ffff:127.0.0.1","timestamp":"2026-05-02T14:19:39.609Z"}
{"level":"info","message":"GET /api/v1/unknown - ::ffff:127.0.0.1","timestamp":"2026-05-02T14:19:39.624Z"}
{"level":"info","message":"POST /api/auth/login - ::ffff:127.0.0.1","timestamp":"2026-05-02T14:19:39.671Z"}
{"level":"error","message":"500 - Invalid credentials - /api/auth/login - POST - ::ffff:127.0.0.1","timestamp":"2026-05-02T14:19:39.708Z"}
{"level":"info","message":"POST /api/auth/login - ::ffff:127.0.0.1","timestamp":"2026-05-02T14:19:39.727Z"}
{"level":"info","message":"GET /api/vehicles - ::ffff:127.0.0.1","timestamp":"2026-05-02T14:19:39.740Z"}
{"level":"info","message":"GET /api/locations/live - ::ffff:127.0.0.1","timestamp":"2026-05-02T14:19:39.753Z"}
{"level":"info","message":"✅ Database indexes created","timestamp":"2026-05-02T14:20:07.671Z"}
{"level":"info","message":"✅ MongoDB connected successfully","timestamp":"2026-05-02T14:20:07.680Z"}
{"level":"info","message":"🚀 Server running on port 3000","timestamp":"2026-05-02T14:20:07.688Z"}
{"level":"info","message":"📝 Environment: development","timestamp":"2026-05-02T14:20:07.689Z"}
{"level":"info","message":"🔗 API URL: http://localhost:3000","timestamp":"2026-05-02T14:20:07.689Z"}
{"level":"info","message":"✅ Database indexes created","timestamp":"2026-05-02T14:20:22.359Z"}
{"level":"info","message":"✅ MongoDB connected successfully","timestamp":"2026-05-02T14:20:22.372Z"}
{"level":"info","message":"GET /health - ::ffff:127.0.0.1","timestamp":"2026-05-02T14:20:22.404Z"}
{"level":"info","message":"GET / - ::ffff:127.0.0.1","timestamp":"2026-05-02T14:20:22.436Z"}
{"level":"info","message":"GET /api/v1/unknown - ::ffff:127.0.0.1","timestamp":"2026-05-02T14:20:22.448Z"}
{"level":"info","message":"POST /api/auth/login - ::ffff:127.0.0.1","timestamp":"2026-05-02T14:20:22.488Z"}
{"level":"error","message":"401 - Invalid credentials - /api/auth/login - POST - ::ffff:127.0.0.1","timestamp":"2026-05-02T14:20:22.507Z"}
{"level":"info","message":"POST /api/auth/login - ::ffff:127.0.0.1","timestamp":"2026-05-02T14:20:22.523Z"}
{"level":"info","message":"GET /api/vehicles - ::ffff:127.0.0.1","timestamp":"2026-05-02T14:20:22.539Z"}
{"level":"info","message":"GET /api/locations/live - ::ffff:127.0.0.1","timestamp":"2026-05-02T14:20:22.556Z"}
{"level":"info","message":"✅ Database indexes created","timestamp":"2026-05-02T14:22:11.329Z"}
{"level":"info","message":"✅ MongoDB connected successfully","timestamp":"2026-05-02T14:22:11.340Z"}
{"level":"info","message":"🚀 Server running on port 3000","timestamp":"2026-05-02T14:22:11.347Z"}
{"level":"info","message":"📝 Environment: development","timestamp":"2026-05-02T14:22:11.347Z"}
{"level":"info","message":"🔗 API URL: http://localhost:3000","timestamp":"2026-05-02T14:22:11.348Z"}
{"level":"info","message":"✅ Database indexes created","timestamp":"2026-05-25T12:22:07.684Z"}
{"level":"info","message":"✅ MongoDB connected successfully","timestamp":"2026-05-25T12:22:07.690Z"}
{"level":"info","message":"🚀 Server running on port 3000","timestamp":"2026-05-25T12:22:07.700Z"}
{"level":"info","message":"📝 Environment: development","timestamp":"2026-05-25T12:22:07.701Z"}
{"level":"info","message":"🔗 API URL: http://localhost:3000","timestamp":"2026-05-25T12:22:07.702Z"}
{"level":"info","message":"GET /health - ::1","timestamp":"2026-05-25T12:22:20.094Z"}
{"cause":{"beforeHandshake":false,"errorLabelSet":{}},"errorLabelSet":{},"level":"error","message":"❌ MongoDB connection error: connection <monitor> to 66.33.22.236:49599 closed","reason":{"commonWireVersion":0,"compatible":true,"heartbeatFrequencyMS":10000,"localThresholdMS":15,"logicalSessionTimeoutMinutes":null,"maxElectionId":null,"maxSetVersion":null,"servers":{"trolley.proxy.rlwy.net:49599":{"$clusterTime":null,"address":"trolley.proxy.rlwy.net:49599","arbiters":[],"electionId":null,"error":{"beforeHandshake":false,"errorLabelSet":{}},"hosts":[],"iscryptd":false,"lastUpdateTime":31742,"lastWriteDate":0,"logicalSessionTimeoutMinutes":null,"maxBsonObjectSize":null,"maxMessageSizeBytes":null,"maxWireVersion":0,"maxWriteBatchSize":null,"me":null,"minRoundTripTime":0,"minWireVersion":0,"passives":[],"primary":null,"roundTripTime":-1,"setName":null,"setVersion":null,"tags":{},"topologyVersion":null,"type":"Unknown"}},"setName":null,"stale":false,"type":"Unknown"},"stack":"MongoServerSelectionError: connection <monitor> to 66.33.22.236:49599 closed\n    at Topology.selectServer (C:\\Users\\Sachithra\\Documents\\GitHub\\tuk-tuk-tracker\\tuk-tuk-tracker\\node_modules\\mongodb\\lib\\sdam\\topology.js:348:38)\n    at async Topology._connect (C:\\Users\\Sachithra\\Documents\\GitHub\\tuk-tuk-tracker\\tuk-tuk-tracker\\node_modules\\mongodb\\lib\\sdam\\topology.js:220:28)\n    at async Topology.connect (C:\\Users\\Sachithra\\Documents\\GitHub\\tuk-tuk-tracker\\tuk-tuk-tracker\\node_modules\\mongodb\\lib\\sdam\\topology.js:171:13)\n    at async topologyConnect (C:\\Users\\Sachithra\\Documents\\GitHub\\tuk-tuk-tracker\\tuk-tuk-tracker\\node_modules\\mongodb\\lib\\mongo_client.js:258:17)\n    at async MongoClient._connect (C:\\Users\\Sachithra\\Documents\\GitHub\\tuk-tuk-tracker\\tuk-tuk-tracker\\node_modules\\mongodb\\lib\\mongo_client.js:271:13)\n    at async MongoClient.connect (C:\\Users\\Sachithra\\Documents\\GitHub\\tuk-tuk-tracker\\tuk-tuk-tracker\\node_modules\\mongodb\\lib\\mongo_client.js:196:13)\n    at async connectDB (C:\\Users\\Sachithra\\Documents\\GitHub\\tuk-tuk-tracker\\tuk-tuk-tracker\\src\\config\\database.js:15:5)\n    at async startServer (C:\\Users\\Sachithra\\Documents\\GitHub\\tuk-tuk-tracker\\tuk-tuk-tracker\\server.js:11:5)","timestamp":"2026-05-25T12:23:57.339Z"}
{"level":"info","message":"✅ Database indexes created","timestamp":"2026-05-25T12:29:57.795Z"}
{"level":"info","message":"✅ MongoDB connected successfully","timestamp":"2026-05-25T12:29:57.805Z"}
{"level":"info","message":"🚀 Server running on port 3000","timestamp":"2026-05-25T12:29:57.820Z"}
{"level":"info","message":"📝 Environment: development","timestamp":"2026-05-25T12:29:57.821Z"}
{"level":"info","message":"🔗 API URL: http://localhost:3000","timestamp":"2026-05-25T12:29:57.822Z"}
{"level":"info","message":"GET /health - ::1","timestamp":"2026-05-25T12:30:07.886Z"}
{"level":"info","message":"✅ Database indexes created","timestamp":"2026-05-25T13:32:44.966Z"}
{"level":"info","message":"✅ MongoDB connected successfully","timestamp":"2026-05-25T13:32:44.977Z"}
{"level":"info","message":"🚀 Server running on port 3000","timestamp":"2026-05-25T13:32:44.990Z"}
{"level":"info","message":"📝 Environment: development","timestamp":"2026-05-25T13:32:44.991Z"}
{"level":"info","message":"🔗 API URL: http://localhost:3000","timestamp":"2026-05-25T13:32:44.992Z"}
{"level":"info","message":"GET /health - ::1","timestamp":"2026-05-25T13:32:53.924Z"}
{"level":"info","message":"GET /health - ::1","timestamp":"2026-05-25T13:33:59.557Z"}
{"level":"info","message":"✅ Database indexes created","timestamp":"2026-05-25T13:35:50.947Z"}
{"level":"info","message":"✅ MongoDB connected successfully","timestamp":"2026-05-25T13:35:50.964Z"}
{"level":"info","message":"🚀 Server running on port 3000","timestamp":"2026-05-25T13:35:50.975Z"}
{"level":"info","message":"📝 Environment: development","timestamp":"2026-05-25T13:35:50.982Z"}
{"level":"info","message":"🔗 API URL: http://localhost:3000","timestamp":"2026-05-25T13:35:50.986Z"}
{"level":"info","message":"✅ Database indexes created","timestamp":"2026-05-25T13:36:03.043Z"}
{"level":"info","message":"✅ MongoDB connected successfully","timestamp":"2026-05-25T13:36:03.061Z"}
{"level":"info","message":"🚀 Server running on port 3000","timestamp":"2026-05-25T13:36:03.075Z"}
{"level":"info","message":"📝 Environment: development","timestamp":"2026-05-25T13:36:03.076Z"}
{"level":"info","message":"🔗 API URL: http://localhost:3000","timestamp":"2026-05-25T13:36:03.078Z"}
{"level":"info","message":"GET / - ::1","timestamp":"2026-05-25T13:36:13.209Z"}
{"level":"info","message":"GET /api-docs - ::1","timestamp":"2026-05-25T13:36:13.534Z"}
{"level":"info","message":"GET /api-docs/ - ::1","timestamp":"2026-05-25T13:36:13.748Z"}
{"level":"info","message":"GET /api-docs/swagger-ui.css - ::1","timestamp":"2026-05-25T13:36:15.804Z"}
{"level":"info","message":"GET /api-docs/swagger-ui-bundle.js - ::1","timestamp":"2026-05-25T13:36:15.812Z"}
{"level":"info","message":"GET /api-docs/swagger-ui-standalone-preset.js - ::1","timestamp":"2026-05-25T13:36:15.814Z"}
{"level":"info","message":"GET /api-docs/swagger-ui-init.js - ::1","timestamp":"2026-05-25T13:36:15.817Z"}
{"level":"info","message":"GET /api-docs - ::1","timestamp":"2026-05-25T13:38:02.434Z"}
{"level":"info","message":"GET /api-docs/ - ::1","timestamp":"2026-05-25T13:38:02.457Z"}
{"level":"info","message":"GET /api-docs/swagger-ui.css - ::1","timestamp":"2026-05-25T13:38:03.052Z"}
{"level":"info","message":"GET /api-docs/swagger-ui-bundle.js - ::1","timestamp":"2026-05-25T13:38:03.113Z"}
{"level":"info","message":"GET /api-docs/swagger-ui-standalone-preset.js - ::1","timestamp":"2026-05-25T13:38:03.121Z"}
{"level":"info","message":"GET /api-docs/swagger-ui-init.js - ::1","timestamp":"2026-05-25T13:38:03.154Z"}
{"level":"info","message":"GET /api-docs/favicon-32x32.png - ::1","timestamp":"2026-05-25T13:38:04.698Z"}
{"level":"info","message":"POST /api/auth/login - ::1","timestamp":"2026-05-25T13:38:36.869Z"}
{"level":"error","message":"401 - Invalid credentials - /api/auth/login - POST - ::1","timestamp":"2026-05-25T13:38:37.614Z"}
{"level":"info","message":"POST /api/auth/login - ::1","timestamp":"2026-05-25T13:40:06.833Z"}
{"level":"info","message":"GET /api/vehicles - ::1","timestamp":"2026-05-25T13:40:36.482Z"}
{"level":"info","message":"GET / - ::1","timestamp":"2026-05-25T14:27:36.737Z"}
{"level":"info","message":"GET /api-docs/ - ::1","timestamp":"2026-05-25T14:27:36.825Z"}
{"level":"info","message":"GET /api-docs/swagger-ui.css - ::1","timestamp":"2026-05-25T14:27:38.525Z"}
{"level":"info","message":"GET /api-docs/swagger-ui-bundle.js - ::1","timestamp":"2026-05-25T14:27:38.612Z"}
{"level":"info","message":"GET /api-docs/swagger-ui-standalone-preset.js - ::1","timestamp":"2026-05-25T14:27:38.616Z"}
{"level":"info","message":"GET /api-docs/swagger-ui-init.js - ::1","timestamp":"2026-05-25T14:27:38.618Z"}
{"level":"info","message":"GET / - ::1","timestamp":"2026-05-25T14:28:30.538Z"}
{"level":"info","message":"GET /api-docs/ - ::1","timestamp":"2026-05-25T14:28:30.565Z"}
{"level":"info","message":"GET /api-docs/swagger-ui.css - ::1","timestamp":"2026-05-25T14:28:30.959Z"}
{"level":"info","message":"GET /api-docs/swagger-ui-bundle.js - ::1","timestamp":"2026-05-25T14:28:31.004Z"}
{"level":"info","message":"GET /api-docs/swagger-ui-standalone-preset.js - ::1","timestamp":"2026-05-25T14:28:31.155Z"}
{"level":"info","message":"GET /api-docs/swagger-ui-init.js - ::1","timestamp":"2026-05-25T14:28:31.157Z"}
{"level":"info","message":"GET /api-docs/favicon-16x16.png - ::1","timestamp":"2026-05-25T14:28:32.557Z"}
{"level":"info","message":"POST /api/auth/login - ::1","timestamp":"2026-05-25T14:29:05.659Z"}
{"level":"info","message":"GET /api/users - ::1","timestamp":"2026-05-25T14:29:50.531Z"}
{"level":"info","message":"POST /api/auth/login - ::1","timestamp":"2026-05-27T04:33:33.336Z"}
{"level":"info","message":"GET /api/locations/live - ::1","timestamp":"2026-05-27T04:33:34.048Z"}
{"level":"info","message":"POST /api/locations - ::1","timestamp":"2026-05-27T04:33:34.850Z"}
{"level":"info","message":"GET /api/locations/history - ::1","timestamp":"2026-05-27T04:33:35.448Z"}
{"level":"info","message":"✅ Database indexes created","timestamp":"2026-10-06T04:13:16.012Z"}
{"level":"info","message":"✅ MongoDB connected successfully","timestamp":"2026-10-06T04:13:16.023Z"}
{"level":"info","message":"🚀 Server running on port 3000","timestamp":"2026-10-06T04:13:16.035Z"}
{"level":"info","message":"📝 Environment: development","timestamp":"2026-10-06T04:13:16.055Z"}
{"level":"info","message":"🔗 API URL: http://localhost:3000","timestamp":"2026-10-06T04:13:16.056Z"}
{"level":"info","message":"GET / - ::1","timestamp":"2026-10-06T04:13:35.518Z"}
{"level":"info","message":"GET /api-docs - ::1","timestamp":"2026-10-06T04:13:35.532Z"}
{"level":"info","message":"GET /api-docs/ - ::1","timestamp":"2026-10-06T04:13:35.538Z"}
{"level":"info","message":"GET /api-docs/swagger-ui.css - ::1","timestamp":"2026-10-06T04:13:35.730Z"}
{"level":"info","message":"GET /api-docs/swagger-ui-bundle.js - ::1","timestamp":"2026-10-06T04:13:35.734Z"}
{"level":"info","message":"GET /api-docs/swagger-ui-standalone-preset.js - ::1","timestamp":"2026-10-06T04:13:35.735Z"}
{"level":"info","message":"GET /api-docs/swagger-ui-init.js - ::1","timestamp":"2026-10-06T04:13:35.736Z"}
{"level":"info","message":"GET /api-docs/favicon-16x16.png - ::1","timestamp":"2026-10-06T04:13:36.599Z"}
{"level":"info","message":"GET / - ::1","timestamp":"2026-10-06T04:13:50.196Z"}
{"level":"info","message":"GET /api-docs - ::1","timestamp":"2026-10-06T04:13:50.208Z"}
{"level":"info","message":"GET /api-docs/ - ::1","timestamp":"2026-10-06T04:13:50.222Z"}
{"level":"info","message":"GET /api-docs/swagger-ui.css - ::1","timestamp":"2026-10-06T04:13:50.375Z"}
{"level":"info","message":"GET /api-docs/swagger-ui-bundle.js - ::1","timestamp":"2026-10-06T04:13:50.378Z"}
{"level":"info","message":"GET /api-docs/swagger-ui-standalone-preset.js - ::1","timestamp":"2026-10-06T04:13:50.381Z"}
{"level":"info","message":"GET /api-docs/swagger-ui-init.js - ::1","timestamp":"2026-10-06T04:13:50.382Z"}
{"level":"info","message":"GET /api-docs/favicon-32x32.png - ::1","timestamp":"2026-10-06T04:13:50.748Z"}
{"level":"info","message":"POST /api/auth/login - ::1","timestamp":"2026-10-06T04:15:29.631Z"}
{"level":"info","message":"GET /api/vehicles - ::1","timestamp":"2026-10-06T04:18:04.008Z"}
{"level":"info","message":"GET /api/vehicles - ::1","timestamp":"2026-10-06T04:18:50.237Z"}
{"level":"info","message":"GET /api/users - ::1","timestamp":"2026-10-06T04:19:20.927Z"}
{"level":"info","message":"GET /api/districts - ::1","timestamp":"2026-10-06T04:19:33.605Z"}
{"level":"info","message":"GET /api/police-stations - ::1","timestamp":"2026-10-06T04:19:47.373Z"}
{"level":"info","message":"PUT /api/users/%7Bid%7D - ::1","timestamp":"2026-10-06T04:20:59.098Z"}
{"level":"error","message":"500 - input must be a 24 character hex string, 12 byte Uint8Array, or an integer - /api/users/%7Bid%7D - PUT - ::1","timestamp":"2026-10-06T04:20:59.238Z"}
{"level":"info","message":"PUT /api/vehicles/6a144ee8198ecf93eb32f6ed - ::1","timestamp":"2026-10-06T04:22:25.317Z"}
{"level":"error","message":"500 - Cannot read properties of undefined (reading 'districtId') - /api/vehicles/6a144ee8198ecf93eb32f6ed - PUT - ::1","timestamp":"2026-10-06T04:22:25.407Z"}
{"level":"info","message":"GET /api-docs/ - ::1","timestamp":"2026-10-06T04:37:17.936Z"}
{"level":"info","message":"GET /api-docs/swagger-ui.css - ::1","timestamp":"2026-10-06T04:37:17.990Z"}
{"level":"info","message":"GET /api-docs/swagger-ui-bundle.js - ::1","timestamp":"2026-10-06T04:37:17.994Z"}
{"level":"info","message":"GET /api-docs/swagger-ui-standalone-preset.js - ::1","timestamp":"2026-10-06T04:37:17.999Z"}
{"level":"info","message":"GET /api-docs/swagger-ui-init.js - ::1","timestamp":"2026-10-06T04:37:18.009Z"}
{"level":"info","message":"GET /api-docs/favicon-32x32.png - ::1","timestamp":"2026-10-06T04:37:18.367Z"}
{"level":"info","message":"POST /api/auth/login - ::1","timestamp":"2026-10-06T04:37:50.812Z"}
{"level":"info","message":"GET /api/vehicles - ::1","timestamp":"2026-10-06T04:38:38.838Z"}
{"level":"info","message":"POST /api/vehicles - ::1","timestamp":"2026-10-06T04:40:42.597Z"}
{"level":"info","message":"GET /api-docs/ - ::1","timestamp":"2026-10-06T04:43:48.870Z"}
{"level":"info","message":"GET /api-docs/swagger-ui.css - ::1","timestamp":"2026-10-06T04:43:48.931Z"}
{"level":"info","message":"GET /api-docs/swagger-ui-bundle.js - ::1","timestamp":"2026-10-06T04:43:48.938Z"}
{"level":"info","message":"GET /api-docs/swagger-ui-standalone-preset.js - ::1","timestamp":"2026-10-06T04:43:48.952Z"}
{"level":"info","message":"GET /api-docs/swagger-ui-init.js - ::1","timestamp":"2026-10-06T04:43:48.955Z"}
{"level":"info","message":"GET /api-docs/favicon-32x32.png - ::1","timestamp":"2026-10-06T04:43:49.237Z"}
{"level":"info","message":"POST /api/auth/login - ::1","timestamp":"2026-10-06T04:44:21.482Z"}
{"level":"info","message":"✅ Database indexes created","timestamp":"2026-10-06T04:45:28.751Z"}
{"level":"info","message":"✅ MongoDB connected successfully","timestamp":"2026-10-06T04:45:28.764Z"}
{"level":"info","message":"🚀 Server running on port 3000","timestamp":"2026-10-06T04:45:28.772Z"}
{"level":"info","message":"📝 Environment: development","timestamp":"2026-10-06T04:45:28.775Z"}
{"level":"info","message":"🔗 API URL: http://localhost:3000","timestamp":"2026-10-06T04:45:28.777Z"}
{"level":"info","message":"✅ Database indexes created","timestamp":"2026-10-06T04:46:54.975Z"}
{"level":"info","message":"✅ MongoDB connected successfully","timestamp":"2026-10-06T04:46:54.982Z"}
{"level":"info","message":"🚀 Server running on port 3000","timestamp":"2026-10-06T04:46:54.993Z"}
{"level":"info","message":"📝 Environment: development","timestamp":"2026-10-06T04:46:54.994Z"}
{"level":"info","message":"🔗 API URL: http://localhost:3000","timestamp":"2026-10-06T04:46:54.994Z"}
{"level":"info","message":"✅ Database indexes created","timestamp":"2026-10-06T10:12:37.490Z"}
{"level":"info","message":"✅ MongoDB connected successfully","timestamp":"2026-10-06T10:12:37.506Z"}
{"level":"info","message":"🚀 Server running on port 3000","timestamp":"2026-10-06T10:12:37.513Z"}
{"level":"info","message":"📝 Environment: development","timestamp":"2026-10-06T10:12:37.514Z"}
{"level":"info","message":"🔗 API URL: http://localhost:3000","timestamp":"2026-10-06T10:12:37.520Z"}
{"level":"info","message":"✅ Database indexes created","timestamp":"2026-10-06T10:13:02.023Z"}
{"level":"info","message":"✅ MongoDB connected successfully","timestamp":"2026-10-06T10:13:02.028Z"}
{"level":"info","message":"🚀 Server running on port 3000","timestamp":"2026-10-06T10:13:02.032Z"}
{"level":"info","message":"📝 Environment: development","timestamp":"2026-10-06T10:13:02.033Z"}
{"level":"info","message":"🔗 API URL: http://localhost:3000","timestamp":"2026-10-06T10:13:02.034Z"}
{"level":"info","message":"✅ Database indexes created","timestamp":"2026-10-06T10:13:55.408Z"}
{"level":"info","message":"✅ MongoDB connected successfully","timestamp":"2026-10-06T10:13:55.411Z"}
{"level":"info","message":"🚀 Server running on port 3000","timestamp":"2026-10-06T10:13:55.416Z"}
{"level":"info","message":"📝 Environment: development","timestamp":"2026-10-06T10:13:55.417Z"}
{"level":"info","message":"🔗 API URL: http://localhost:3000","timestamp":"2026-10-06T10:13:55.418Z"}
{"level":"info","message":"✅ Database indexes created","timestamp":"2026-10-06T10:15:05.826Z"}
{"level":"info","message":"✅ MongoDB connected successfully","timestamp":"2026-10-06T10:15:05.836Z"}
{"level":"info","message":"🚀 Server running on port 3000","timestamp":"2026-10-06T10:15:05.844Z"}
{"level":"info","message":"📝 Environment: development","timestamp":"2026-10-06T10:15:05.845Z"}
{"level":"info","message":"🔗 API URL: http://localhost:3000","timestamp":"2026-10-06T10:15:05.847Z"}
{"level":"info","message":"✅ Database indexes created","timestamp":"2026-10-06T10:15:26.298Z"}
{"level":"info","message":"✅ MongoDB connected successfully","timestamp":"2026-10-06T10:15:26.303Z"}
{"level":"info","message":"🚀 Server running on port 3000","timestamp":"2026-10-06T10:15:26.307Z"}
{"level":"info","message":"📝 Environment: development","timestamp":"2026-10-06T10:15:26.307Z"}
{"level":"info","message":"🔗 API URL: http://localhost:3000","timestamp":"2026-10-06T10:15:26.308Z"}
{"level":"info","message":"✅ Database indexes created","timestamp":"2026-10-06T10:16:01.239Z"}
{"level":"info","message":"✅ MongoDB connected successfully","timestamp":"2026-10-06T10:16:01.249Z"}
{"level":"info","message":"🚀 Server running on port 3000","timestamp":"2026-10-06T10:16:01.255Z"}
{"level":"info","message":"📝 Environment: development","timestamp":"2026-10-06T10:16:01.256Z"}
{"level":"info","message":"🔗 API URL: http://localhost:3000","timestamp":"2026-10-06T10:16:01.258Z"}
{"level":"info","message":"✅ Database indexes created","timestamp":"2026-10-06T10:17:24.499Z"}
{"level":"info","message":"✅ MongoDB connected successfully","timestamp":"2026-10-06T10:17:24.501Z"}
{"level":"info","message":"🚀 Server running on port 3000","timestamp":"2026-10-06T10:17:24.502Z"}
{"level":"info","message":"📝 Environment: development","timestamp":"2026-10-06T10:17:24.502Z"}
{"level":"info","message":"🔗 API URL: http://localhost:3000","timestamp":"2026-10-06T10:17:24.503Z"}
{"level":"info","message":"✅ Database indexes created","timestamp":"2026-10-06T10:17:53.813Z"}
{"level":"info","message":"✅ Database indexes created","timestamp":"2026-10-06T10:17:53.808Z"}
{"level":"info","message":"✅ MongoDB connected successfully","timestamp":"2026-10-06T10:17:53.813Z"}
{"level":"info","message":"🚀 Server running on port 3000","timestamp":"2026-10-06T10:17:53.818Z"}
{"level":"info","message":"📝 Environment: development","timestamp":"2026-10-06T10:17:53.819Z"}
{"level":"info","message":"🔗 API URL: http://localhost:3000","timestamp":"2026-10-06T10:17:53.819Z"}
{"level":"info","message":"✅ MongoDB connected successfully","timestamp":"2026-10-06T10:17:53.821Z"}
{"level":"info","message":"🚀 Server running on port 3000","timestamp":"2026-10-06T10:17:53.826Z"}
{"level":"info","message":"📝 Environment: development","timestamp":"2026-10-06T10:17:53.827Z"}
{"level":"info","message":"🔗 API URL: http://localhost:3000","timestamp":"2026-10-06T10:17:53.828Z"}
{"level":"info","message":"✅ Database indexes created","timestamp":"2026-10-06T10:19:31.768Z"}
{"level":"info","message":"✅ MongoDB connected successfully","timestamp":"2026-10-06T10:19:31.774Z"}
{"level":"info","message":"🚀 Server running on port 3000","timestamp":"2026-10-06T10:19:31.778Z"}
{"level":"info","message":"📝 Environment: development","timestamp":"2026-10-06T10:19:31.779Z"}
{"level":"info","message":"🔗 API URL: http://localhost:3000","timestamp":"2026-10-06T10:19:31.779Z"}
{"level":"info","message":"✅ Database indexes created","timestamp":"2026-10-06T10:21:43.656Z"}
{"level":"info","message":"✅ MongoDB connected successfully","timestamp":"2026-10-06T10:21:43.660Z"}
{"level":"info","message":"🚀 Server running on port 3000","timestamp":"2026-10-06T10:21:43.665Z"}
{"level":"info","message":"📝 Environment: development","timestamp":"2026-10-06T10:21:43.665Z"}
{"level":"info","message":"🔗 API URL: http://localhost:3000","timestamp":"2026-10-06T10:21:43.665Z"}
{"level":"info","message":"✅ Database indexes created","timestamp":"2026-10-06T10:22:03.209Z"}
{"level":"info","message":"✅ MongoDB connected successfully","timestamp":"2026-10-06T10:22:03.215Z"}
{"level":"info","message":"🚀 Server running on port 3000","timestamp":"2026-10-06T10:22:03.221Z"}
{"level":"info","message":"📝 Environment: development","timestamp":"2026-10-06T10:22:03.221Z"}
{"level":"info","message":"🔗 API URL: http://localhost:3000","timestamp":"2026-10-06T10:22:03.222Z"}
{"level":"info","message":"✅ Database indexes created","timestamp":"2026-10-06T10:22:03.435Z"}
{"level":"info","message":"✅ MongoDB connected successfully","timestamp":"2026-10-06T10:22:03.439Z"}
{"level":"info","message":"🚀 Server running on port 3000","timestamp":"2026-10-06T10:22:03.443Z"}
{"level":"info","message":"📝 Environment: development","timestamp":"2026-10-06T10:22:03.443Z"}
{"level":"info","message":"🔗 API URL: http://localhost:3000","timestamp":"2026-10-06T10:22:03.444Z"}
{"level":"error","message":"500 - Cannot set property query of #<IncomingMessage> which has only a getter - / - GET - ::1","timestamp":"2026-10-06T10:22:04.857Z"}
{"level":"info","message":"✅ Database indexes created","timestamp":"2026-10-06T10:23:11.784Z"}
{"level":"info","message":"✅ MongoDB connected successfully","timestamp":"2026-10-06T10:23:11.790Z"}
{"level":"info","message":"🚀 Server running on port 3000","timestamp":"2026-10-06T10:23:11.792Z"}
{"level":"info","message":"📝 Environment: development","timestamp":"2026-10-06T10:23:11.793Z"}
{"level":"info","message":"🔗 API URL: http://localhost:3000","timestamp":"2026-10-06T10:23:11.793Z"}
{"level":"info","message":"✅ Database indexes created","timestamp":"2026-10-06T10:23:11.790Z"}
{"level":"info","message":"✅ MongoDB connected successfully","timestamp":"2026-10-06T10:23:11.795Z"}
{"level":"info","message":"🚀 Server running on port 3000","timestamp":"2026-10-06T10:23:11.801Z"}
{"level":"info","message":"📝 Environment: development","timestamp":"2026-10-06T10:23:11.801Z"}
{"level":"info","message":"🔗 API URL: http://localhost:3000","timestamp":"2026-10-06T10:23:11.802Z"}
{"level":"info","message":"✅ Database indexes created","timestamp":"2026-10-06T10:23:37.926Z"}
{"level":"info","message":"✅ MongoDB connected successfully","timestamp":"2026-10-06T10:23:37.930Z"}
{"level":"info","message":"🚀 Server running on port 3000","timestamp":"2026-10-06T10:23:37.935Z"}
{"level":"info","message":"📝 Environment: development","timestamp":"2026-10-06T10:23:37.936Z"}
{"level":"info","message":"🔗 API URL: http://localhost:3000","timestamp":"2026-10-06T10:23:37.936Z"}
{"level":"info","message":"✅ Database indexes created","timestamp":"2026-10-06T10:23:37.933Z"}
{"level":"info","message":"✅ MongoDB connected successfully","timestamp":"2026-10-06T10:23:37.938Z"}
{"level":"info","message":"🚀 Server running on port 3000","timestamp":"2026-10-06T10:23:37.943Z"}
{"level":"info","message":"📝 Environment: development","timestamp":"2026-10-06T10:23:37.944Z"}
{"level":"info","message":"🔗 API URL: http://localhost:3000","timestamp":"2026-10-06T10:23:37.945Z"}
{"level":"info","message":"GET / - ::1","timestamp":"2026-10-06T10:23:39.683Z"}
{"level":"info","message":"GET /api-docs/ - ::1","timestamp":"2026-10-06T10:23:39.714Z"}
{"level":"info","message":"GET /api-docs/swagger-ui.css - ::1","timestamp":"2026-10-06T10:23:39.809Z"}
{"level":"info","message":"GET /api-docs/swagger-ui-bundle.js - ::1","timestamp":"2026-10-06T10:23:39.812Z"}
{"level":"info","message":"GET /api-docs/swagger-ui-standalone-preset.js - ::1","timestamp":"2026-10-06T10:23:39.815Z"}
{"level":"info","message":"GET /api-docs/swagger-ui-init.js - ::1","timestamp":"2026-10-06T10:23:39.819Z"}
{"level":"info","message":"GET / - ::1","timestamp":"2026-10-06T10:24:02.838Z"}
{"level":"info","message":"GET /api-docs/ - ::1","timestamp":"2026-10-06T10:24:02.888Z"}
{"level":"info","message":"GET /api-docs/swagger-ui.css - ::1","timestamp":"2026-10-06T10:24:03.041Z"}
{"level":"info","message":"GET /api-docs/swagger-ui-bundle.js - ::1","timestamp":"2026-10-06T10:24:03.049Z"}
{"level":"info","message":"GET /api-docs/swagger-ui-standalone-preset.js - ::1","timestamp":"2026-10-06T10:24:03.056Z"}
{"level":"info","message":"GET /api-docs/swagger-ui-init.js - ::1","timestamp":"2026-10-06T10:24:03.062Z"}
{"level":"info","message":"GET / - ::1","timestamp":"2026-10-06T10:24:03.572Z"}
{"level":"info","message":"GET /api-docs/ - ::1","timestamp":"2026-10-06T10:24:03.587Z"}
{"level":"info","message":"GET /api-docs/swagger-ui.css - ::1","timestamp":"2026-10-06T10:24:03.634Z"}
{"level":"info","message":"GET /api-docs/swagger-ui-bundle.js - ::1","timestamp":"2026-10-06T10:24:03.635Z"}
{"level":"info","message":"GET /api-docs/swagger-ui-standalone-preset.js - ::1","timestamp":"2026-10-06T10:24:03.636Z"}
{"level":"info","message":"GET /api-docs/swagger-ui-init.js - ::1","timestamp":"2026-10-06T10:24:03.639Z"}
{"level":"info","message":"GET /api-docs/favicon-32x32.png - ::1","timestamp":"2026-10-06T10:24:03.860Z"}
{"level":"info","message":"POST /api/auth/login - ::1","timestamp":"2026-10-06T10:24:27.595Z"}
{"level":"info","message":"✅ Database indexes created","timestamp":"2026-10-07T09:03:12.147Z"}
{"level":"info","message":"✅ MongoDB connected successfully","timestamp":"2026-10-07T09:03:12.165Z"}
{"level":"info","message":"WebSocket server initialized","timestamp":"2026-10-07T09:03:12.186Z"}
{"level":"info","message":"🚀 Server running on port 3000","timestamp":"2026-10-07T09:03:12.191Z"}
{"level":"info","message":"📝 Environment: development","timestamp":"2026-10-07T09:03:12.196Z"}
{"level":"info","message":"🔗 API URL: http://localhost:3000","timestamp":"2026-10-07T09:03:12.199Z"}
{"level":"info","message":"✅ Database indexes created","timestamp":"2026-10-07T09:03:51.594Z"}
{"level":"info","message":"✅ MongoDB connected successfully","timestamp":"2026-10-07T09:03:51.599Z"}
{"level":"info","message":"WebSocket server initialized","timestamp":"2026-10-07T09:03:51.607Z"}
{"level":"info","message":"🚀 Server running on port 3000","timestamp":"2026-10-07T09:03:51.609Z"}
{"level":"info","message":"📝 Environment: development","timestamp":"2026-10-07T09:03:51.609Z"}
{"level":"info","message":"🔗 API URL: http://localhost:3000","timestamp":"2026-10-07T09:03:51.610Z"}
{"level":"info","message":"GET / - ::1","timestamp":"2026-10-07T09:04:05.339Z"}
{"level":"info","message":"GET /api-docs/ - ::1","timestamp":"2026-10-07T09:04:05.363Z"}
{"level":"info","message":"GET /api-docs/swagger-ui.css - ::1","timestamp":"2026-10-07T09:04:05.721Z"}
{"level":"info","message":"GET /api-docs/swagger-ui-bundle.js - ::1","timestamp":"2026-10-07T09:04:05.732Z"}
{"level":"info","message":"GET /api-docs/swagger-ui-standalone-preset.js - ::1","timestamp":"2026-10-07T09:04:05.737Z"}
{"level":"info","message":"GET /api-docs/swagger-ui-init.js - ::1","timestamp":"2026-10-07T09:04:05.741Z"}
{"level":"info","message":"GET / - ::1","timestamp":"2026-10-07T09:04:06.281Z"}
{"level":"info","message":"GET /api-docs/ - ::1","timestamp":"2026-10-07T09:04:06.317Z"}
{"level":"info","message":"GET /api-docs/swagger-ui.css - ::1","timestamp":"2026-10-07T09:04:06.381Z"}
{"level":"info","message":"GET /api-docs/swagger-ui-bundle.js - ::1","timestamp":"2026-10-07T09:04:06.383Z"}
{"level":"info","message":"GET /api-docs/swagger-ui-standalone-preset.js - ::1","timestamp":"2026-10-07T09:04:06.385Z"}
{"level":"info","message":"GET /api-docs/swagger-ui-init.js - ::1","timestamp":"2026-10-07T09:04:06.396Z"}
{"level":"info","message":"POST /api/auth/login - ::1","timestamp":"2026-10-07T09:04:39.624Z"}
{"level":"info","message":"GET /api/vehicles - ::1","timestamp":"2026-10-07T09:05:14.557Z"}
{"level":"info","message":"✅ Database indexes created","timestamp":"2026-10-09T03:58:01.029Z"}
{"level":"info","message":"✅ MongoDB connected successfully","timestamp":"2026-10-09T03:58:01.040Z"}
{"level":"info","message":"WebSocket server initialized","timestamp":"2026-10-09T03:58:01.056Z"}
{"level":"info","message":"🚀 Server running on port 3000","timestamp":"2026-10-09T03:58:01.058Z"}
{"level":"info","message":"📝 Environment: development","timestamp":"2026-10-09T03:58:01.059Z"}
{"level":"info","message":"🔗 API URL: http://localhost:3000","timestamp":"2026-10-09T03:58:01.060Z"}
{"level":"info","message":"GET / - ::1","timestamp":"2026-10-09T03:59:29.001Z"}
{"level":"info","message":"GET /api-docs/ - ::1","timestamp":"2026-10-09T03:59:29.093Z"}
{"level":"info","message":"GET /api-docs/swagger-ui.css - ::1","timestamp":"2026-10-09T03:59:29.305Z"}
{"level":"info","message":"GET /api-docs/swagger-ui-bundle.js - ::1","timestamp":"2026-10-09T03:59:29.312Z"}
{"level":"info","message":"GET /api-docs/swagger-ui-standalone-preset.js - ::1","timestamp":"2026-10-09T03:59:29.340Z"}
{"level":"info","message":"GET /api-docs/swagger-ui-init.js - ::1","timestamp":"2026-10-09T03:59:29.353Z"}
{"level":"info","message":"GET / - ::1","timestamp":"2026-10-09T03:59:29.906Z"}
{"level":"info","message":"GET /api-docs/ - ::1","timestamp":"2026-10-09T03:59:29.968Z"}
{"level":"info","message":"GET /api-docs/swagger-ui.css - ::1","timestamp":"2026-10-09T03:59:30.214Z"}
{"level":"info","message":"GET /api-docs/swagger-ui-bundle.js - ::1","timestamp":"2026-10-09T03:59:30.237Z"}
{"level":"info","message":"GET /api-docs/swagger-ui-standalone-preset.js - ::1","timestamp":"2026-10-09T03:59:30.246Z"}
{"level":"info","message":"GET /api-docs/swagger-ui-init.js - ::1","timestamp":"2026-10-09T03:59:30.253Z"}
{"level":"info","message":"POST /api/auth/login - ::1","timestamp":"2026-10-09T03:59:55.241Z"}
{"level":"info","message":"GET /api/vehicles - ::1","timestamp":"2026-10-09T04:00:46.458Z"}
{"level":"info","message":"POST /api/auth/login - ::1","timestamp":"2026-10-09T04:04:29.571Z"}
{"level":"info","message":"WebSocket connected: User hq_admin (Role: HQ)","timestamp":"2026-10-09T04:04:30.414Z"}
{"level":"info","message":"POST /api/auth/login - ::1","timestamp":"2026-10-09T04:04:39.130Z"}
{"level":"info","message":"WebSocket connected: User hq_admin (Role: HQ)","timestamp":"2026-10-09T04:04:39.774Z"}
{"level":"info","message":"GET /api/police-stations - ::1","timestamp":"2026-10-09T04:05:41.494Z"}
{"level":"info","message":"GET /api-docs/live-dashbord.tml - ::1","timestamp":"2026-10-09T04:06:30.193Z"}
{"level":"info","message":"GET /api-docs/swagger-ui.css - ::1","timestamp":"2026-10-09T04:06:30.267Z"}
{"level":"info","message":"GET /api-docs/swagger-ui-bundle.js - ::1","timestamp":"2026-10-09T04:06:30.277Z"}
{"level":"info","message":"GET /api-docs/swagger-ui-standalone-preset.js - ::1","timestamp":"2026-10-09T04:06:30.281Z"}
{"level":"info","message":"GET /api-docs/swagger-ui-init.js - ::1","timestamp":"2026-10-09T04:06:30.284Z"}
{"level":"info","message":"✅ Database indexes created","timestamp":"2026-10-09T04:07:30.876Z"}
{"level":"info","message":"✅ MongoDB connected successfully","timestamp":"2026-10-09T04:07:30.886Z"}
{"level":"info","message":"WebSocket server initialized","timestamp":"2026-10-09T04:07:30.916Z"}
{"level":"info","message":"🚀 Server running on port 3000","timestamp":"2026-10-09T04:07:30.919Z"}
{"level":"info","message":"📝 Environment: development","timestamp":"2026-10-09T04:07:30.920Z"}
{"level":"info","message":"🔗 API URL: http://localhost:3000","timestamp":"2026-10-09T04:07:30.921Z"}
{"level":"info","message":"WebSocket connected: User hq_admin (Role: HQ)","timestamp":"2026-10-09T04:07:32.621Z"}
{"level":"info","message":"WebSocket connected: User hq_admin (Role: HQ)","timestamp":"2026-10-09T04:07:33.545Z"}
{"level":"info","message":"GET /dashboard - ::1","timestamp":"2026-10-09T04:07:44.206Z"}
{"level":"info","message":"GET /api-docs/live-dashbord.tml - ::1","timestamp":"2026-10-09T04:08:14.160Z"}
{"level":"info","message":"GET /api-docs/swagger-ui.css - ::1","timestamp":"2026-10-09T04:08:14.218Z"}
{"level":"info","message":"GET /api-docs/swagger-ui-bundle.js - ::1","timestamp":"2026-10-09T04:08:14.229Z"}
{"level":"info","message":"GET /api-docs/swagger-ui-standalone-preset.js - ::1","timestamp":"2026-10-09T04:08:14.235Z"}
{"level":"info","message":"GET /api-docs/swagger-ui-init.js - ::1","timestamp":"2026-10-09T04:08:14.238Z"}
{"level":"info","message":"GET /api-docs/favicon-32x32.png - ::1","timestamp":"2026-10-09T04:08:14.592Z"}
{"level":"info","message":"GET /api-docs/live-dashbord.tml - ::1","timestamp":"2026-10-09T04:08:17.998Z"}
{"level":"info","message":"GET /api-docs/swagger-ui.css - ::1","timestamp":"2026-10-09T04:08:18.064Z"}
{"level":"info","message":"GET /api-docs/swagger-ui-bundle.js - ::1","timestamp":"2026-10-09T04:08:18.082Z"}
{"level":"info","message":"GET /api-docs/swagger-ui-standalone-preset.js - ::1","timestamp":"2026-10-09T04:08:18.100Z"}
{"level":"info","message":"GET /api-docs/swagger-ui-init.js - ::1","timestamp":"2026-10-09T04:08:18.105Z"}
{"level":"info","message":"GET /api-docs/favicon-32x32.png - ::1","timestamp":"2026-10-09T04:08:18.455Z"}
{"level":"info","message":"GET /api-docs/ - ::1","timestamp":"2026-10-09T04:08:23.778Z"}
{"level":"info","message":"GET /api-docs/swagger-ui.css - ::1","timestamp":"2026-10-09T04:08:23.843Z"}
{"level":"info","message":"GET /api-docs/swagger-ui-bundle.js - ::1","timestamp":"2026-10-09T04:08:23.848Z"}
{"level":"info","message":"GET /api-docs/swagger-ui-standalone-preset.js - ::1","timestamp":"2026-10-09T04:08:23.850Z"}
{"level":"info","message":"GET /api-docs/swagger-ui-init.js - ::1","timestamp":"2026-10-09T04:08:23.853Z"}
{"level":"info","message":"✅ Database indexes created","timestamp":"2026-10-09T04:09:30.667Z"}
{"level":"info","message":"✅ MongoDB connected successfully","timestamp":"2026-10-09T04:09:30.676Z"}
{"level":"info","message":"WebSocket server initialized","timestamp":"2026-10-09T04:09:30.690Z"}
{"level":"info","message":"🚀 Server running on port 3000","timestamp":"2026-10-09T04:09:30.694Z"}
{"level":"info","message":"📝 Environment: development","timestamp":"2026-10-09T04:09:30.703Z"}
{"level":"info","message":"🔗 API URL: http://localhost:3000","timestamp":"2026-10-09T04:09:30.706Z"}
{"level":"info","message":"WebSocket connected: User hq_admin (Role: HQ)","timestamp":"2026-10-09T04:09:32.715Z"}
{"level":"info","message":"WebSocket connected: User hq_admin (Role: HQ)","timestamp":"2026-10-09T04:09:36.489Z"}
{"level":"info","message":"GET / - ::1","timestamp":"2026-10-09T04:11:06.777Z"}
{"level":"info","message":"GET /api-docs/ - ::1","timestamp":"2026-10-09T04:11:06.840Z"}
{"level":"info","message":"GET /api-docs/swagger-ui.css - ::1","timestamp":"2026-10-09T04:11:07.065Z"}
{"level":"info","message":"GET /api-docs/swagger-ui-bundle.js - ::1","timestamp":"2026-10-09T04:11:07.078Z"}
{"level":"info","message":"GET /api-docs/swagger-ui-standalone-preset.js - ::1","timestamp":"2026-10-09T04:11:07.083Z"}
{"level":"info","message":"GET /api-docs/swagger-ui-init.js - ::1","timestamp":"2026-10-09T04:11:07.101Z"}
{"level":"info","message":"POST /api/auth/login - ::1","timestamp":"2026-10-09T04:11:44.188Z"}
{"level":"info","message":"GET /api/police-stations - ::1","timestamp":"2026-10-09T04:12:26.897Z"}
{"level":"info","message":"GET /dashboard - ::1","timestamp":"2026-10-09T04:13:00.214Z"}
{"level":"info","message":"WebSocket disconnected: User hq_admin","timestamp":"2026-10-09T04:13:05.966Z"}
{"level":"info","message":"WebSocket disconnected: User hq_admin","timestamp":"2026-10-09T04:13:05.970Z"}
{"level":"info","message":"GET /dashboard - ::1","timestamp":"2026-10-09T04:13:34.728Z"}
{"level":"info","message":"✅ Database indexes created","timestamp":"2026-10-09T04:26:27.397Z"}
{"level":"info","message":"✅ MongoDB connected successfully","timestamp":"2026-10-09T04:26:27.400Z"}
{"level":"info","message":"WebSocket server initialized","timestamp":"2026-10-09T04:26:27.405Z"}
{"level":"info","message":"🚀 Server running on port 3000","timestamp":"2026-10-09T04:26:27.406Z"}
{"level":"info","message":"📝 Environment: development","timestamp":"2026-10-09T04:26:27.407Z"}
{"level":"info","message":"🔗 API URL: http://localhost:3000","timestamp":"2026-10-09T04:26:27.407Z"}
{"level":"info","message":"GET / - ::1","timestamp":"2026-10-09T04:26:55.515Z"}
{"level":"info","message":"GET /api-docs/ - ::1","timestamp":"2026-10-09T04:26:55.533Z"}
{"level":"info","message":"GET /api-docs/swagger-ui.css - ::1","timestamp":"2026-10-09T04:26:55.585Z"}
{"level":"info","message":"GET /api-docs/swagger-ui-bundle.js - ::1","timestamp":"2026-10-09T04:26:55.587Z"}
{"level":"info","message":"GET /api-docs/swagger-ui-standalone-preset.js - ::1","timestamp":"2026-10-09T04:26:55.589Z"}
{"level":"info","message":"GET /api-docs/swagger-ui-init.js - ::1","timestamp":"2026-10-09T04:26:55.595Z"}
{"level":"info","message":"GET / - ::1","timestamp":"2026-10-09T04:26:56.437Z"}
{"level":"info","message":"GET /api-docs/ - ::1","timestamp":"2026-10-09T04:26:56.453Z"}
{"level":"info","message":"GET /api-docs/swagger-ui.css - ::1","timestamp":"2026-10-09T04:26:56.513Z"}
{"level":"info","message":"GET /api-docs/swagger-ui-bundle.js - ::1","timestamp":"2026-10-09T04:26:56.519Z"}
{"level":"info","message":"GET /api-docs/swagger-ui-standalone-preset.js - ::1","timestamp":"2026-10-09T04:26:56.520Z"}
{"level":"info","message":"GET /api-docs/swagger-ui-init.js - ::1","timestamp":"2026-10-09T04:26:56.535Z"}
{"level":"info","message":"GET /dashboard - ::1","timestamp":"2026-10-09T04:27:15.184Z"}
{"level":"info","message":"✅ Database indexes created","timestamp":"2026-10-09T04:32:59.074Z"}
{"level":"info","message":"✅ MongoDB connected successfully","timestamp":"2026-10-09T04:32:59.076Z"}
{"level":"info","message":"WebSocket server initialized","timestamp":"2026-10-09T04:32:59.079Z"}
{"level":"info","message":"🚀 Server running on port 3000","timestamp":"2026-10-09T04:32:59.080Z"}
{"level":"info","message":"📝 Environment: development","timestamp":"2026-10-09T04:32:59.080Z"}
{"level":"info","message":"🔗 API URL: http://localhost:3000","timestamp":"2026-10-09T04:32:59.080Z"}
{"level":"info","message":"GET / - ::1","timestamp":"2026-10-09T04:33:11.958Z"}
{"level":"info","message":"GET /api-docs/ - ::1","timestamp":"2026-10-09T04:33:11.977Z"}
{"level":"info","message":"GET /api-docs/swagger-ui.css - ::1","timestamp":"2026-10-09T04:33:12.296Z"}
{"level":"info","message":"GET /api-docs/swagger-ui-bundle.js - ::1","timestamp":"2026-10-09T04:33:12.301Z"}
{"level":"info","message":"GET /api-docs/swagger-ui-standalone-preset.js - ::1","timestamp":"2026-10-09T04:33:12.303Z"}
{"level":"info","message":"GET /api-docs/swagger-ui-init.js - ::1","timestamp":"2026-10-09T04:33:12.308Z"}
{"level":"info","message":"POST /api/auth/login - ::1","timestamp":"2026-10-09T04:33:32.916Z"}
{"level":"info","message":"GET /api/locations/live - ::1","timestamp":"2026-10-09T04:33:33.227Z"}
{"level":"info","message":"POST /api/locations - ::1","timestamp":"2026-10-09T04:33:34.209Z"}
{"level":"info","message":"GET /api/locations/history - ::1","timestamp":"2026-10-09T04:33:34.726Z"}
{"level":"info","message":"GET /dashboard - ::1","timestamp":"2026-10-09T04:34:44.497Z"}
{"level":"info","message":"✅ Database indexes created","timestamp":"2026-10-09T04:36:08.603Z"}
{"level":"info","message":"✅ MongoDB connected successfully","timestamp":"2026-10-09T04:36:08.612Z"}
{"level":"info","message":"WebSocket server initialized","timestamp":"2026-10-09T04:36:08.624Z"}
{"level":"info","message":"🚀 Server running on port 3000","timestamp":"2026-10-09T04:36:08.626Z"}
{"level":"info","message":"📝 Environment: development","timestamp":"2026-10-09T04:36:08.628Z"}
{"level":"info","message":"🔗 API URL: http://localhost:3000","timestamp":"2026-10-09T04:36:08.630Z"}
{"level":"info","message":"✅ Database indexes created","timestamp":"2026-10-09T04:36:53.861Z"}
{"level":"info","message":"✅ MongoDB connected successfully","timestamp":"2026-10-09T04:36:53.866Z"}
{"level":"info","message":"WebSocket server initialized","timestamp":"2026-10-09T04:36:53.871Z"}
{"level":"info","message":"🚀 Server running on port 3000","timestamp":"2026-10-09T04:36:53.872Z"}
{"level":"info","message":"📝 Environment: development","timestamp":"2026-10-09T04:36:53.872Z"}
{"level":"info","message":"🔗 API URL: http://localhost:3000","timestamp":"2026-10-09T04:36:53.873Z"}
{"level":"info","message":"GET / - ::1","timestamp":"2026-10-09T04:37:19.334Z"}
{"level":"info","message":"GET /api-docs/ - ::1","timestamp":"2026-10-09T04:37:19.352Z"}
{"level":"info","message":"GET /api-docs/swagger-ui.css - ::1","timestamp":"2026-10-09T04:37:19.679Z"}
{"level":"info","message":"GET /api-docs/swagger-ui-bundle.js - ::1","timestamp":"2026-10-09T04:37:19.683Z"}
{"level":"info","message":"GET /api-docs/swagger-ui-standalone-preset.js - ::1","timestamp":"2026-10-09T04:37:19.686Z"}
{"level":"info","message":"GET /api-docs/swagger-ui-init.js - ::1","timestamp":"2026-10-09T04:37:19.691Z"}
{"level":"info","message":"GET / - ::1","timestamp":"2026-10-09T04:37:20.370Z"}
{"level":"info","message":"GET /api-docs/ - ::1","timestamp":"2026-10-09T04:37:20.385Z"}
{"level":"info","message":"GET /api-docs/swagger-ui.css - ::1","timestamp":"2026-10-09T04:37:20.446Z"}
{"level":"info","message":"GET /api-docs/swagger-ui-bundle.js - ::1","timestamp":"2026-10-09T04:37:20.450Z"}
{"level":"info","message":"GET /api-docs/swagger-ui-standalone-preset.js - ::1","timestamp":"2026-10-09T04:37:20.453Z"}
{"level":"info","message":"GET /api-docs/swagger-ui-init.js - ::1","timestamp":"2026-10-09T04:37:20.460Z"}
{"level":"info","message":"GET / - ::1","timestamp":"2026-10-09T04:37:30.547Z"}
{"level":"info","message":"GET /api-docs/ - ::1","timestamp":"2026-10-09T04:37:30.565Z"}
{"level":"info","message":"GET /api-docs/swagger-ui.css - ::1","timestamp":"2026-10-09T04:37:30.608Z"}
{"level":"info","message":"GET /api-docs/swagger-ui-bundle.js - ::1","timestamp":"2026-10-09T04:37:30.610Z"}
{"level":"info","message":"GET /api-docs/swagger-ui-standalone-preset.js - ::1","timestamp":"2026-10-09T04:37:30.611Z"}
{"level":"info","message":"GET /api-docs/swagger-ui-init.js - ::1","timestamp":"2026-10-09T04:37:30.618Z"}
{"level":"info","message":"GET /dashboard - ::1","timestamp":"2026-10-09T04:37:33.645Z"}
{"level":"info","message":"POST /api/auth/login - ::1","timestamp":"2026-10-09T04:38:06.919Z"}
{"level":"info","message":"POST /api/auth/login - ::1","timestamp":"2026-10-09T04:38:59.106Z"}
{"level":"info","message":"GET /api/locations/live - ::1","timestamp":"2026-10-09T04:38:59.459Z"}
{"level":"info","message":"POST /api/locations - ::1","timestamp":"2026-10-09T04:39:00.433Z"}
{"level":"info","message":"GET /api/locations/history - ::1","timestamp":"2026-10-09T04:39:00.887Z"}
{"level":"info","message":"GET /dashboard - ::1","timestamp":"2026-10-09T04:40:40.578Z"}
{"level":"info","message":"GET /favicon.ico - ::1","timestamp":"2026-10-09T04:40:40.610Z"}
{"level":"info","message":"GET /dashboard - ::1","timestamp":"2026-10-09T04:40:41.142Z"}
{"level":"info","message":"GET /favicon.ico - ::1","timestamp":"2026-10-09T04:40:41.167Z"}
{"level":"info","message":"GET /dashboard - ::1","timestamp":"2026-10-09T04:40:41.521Z"}
{"level":"info","message":"GET /favicon.ico - ::1","timestamp":"2026-10-09T04:40:41.548Z"}
{"level":"info","message":"GET /dashboard - ::1","timestamp":"2026-10-09T04:40:41.817Z"}
{"level":"info","message":"GET /favicon.ico - ::1","timestamp":"2026-10-09T04:40:41.846Z"}
{"level":"info","message":"GET /dashboard - ::1","timestamp":"2026-10-09T04:40:42.371Z"}
{"level":"info","message":"GET /favicon.ico - ::1","timestamp":"2026-10-09T04:40:42.412Z"}
{"level":"info","message":"GET /dashboard - ::1","timestamp":"2026-10-09T04:40:42.681Z"}
{"level":"info","message":"GET /favicon.ico - ::1","timestamp":"2026-10-09T04:40:42.710Z"}
{"level":"info","message":"GET /dashboard - ::1","timestamp":"2026-10-09T04:40:42.963Z"}
{"level":"info","message":"GET /favicon.ico - ::1","timestamp":"2026-10-09T04:40:42.993Z"}
{"level":"info","message":"GET /dashboard - ::1","timestamp":"2026-10-09T04:42:05.439Z"}
{"level":"info","message":"GET /dashboard - ::1","timestamp":"2026-10-09T04:42:05.736Z"}
{"level":"info","message":"GET /dashboard - ::1","timestamp":"2026-10-09T04:42:05.916Z"}
{"level":"info","message":"GET /dashboard - ::1","timestamp":"2026-10-09T04:42:06.120Z"}
{"level":"info","message":"GET /dashboard - ::1","timestamp":"2026-10-09T04:42:06.320Z"}
{"level":"info","message":"GET /.well-known/appspecific/com.chrome.devtools.json - ::1","timestamp":"2026-10-09T04:42:26.934Z"}
{"beforeHandshake":false,"cause":{"code":"ENOTFOUND","errno":-3008,"hostname":"ac-a329zsq-shard-00-02.9l4vydj.mongodb.net","syscall":"getaddrinfo"},"connectionGeneration":0,"errorLabelSet":{},"level":"error","message":"❌ MongoDB connection error: getaddrinfo ENOTFOUND ac-a329zsq-shard-00-02.9l4vydj.mongodb.net","stack":"MongoNetworkError: getaddrinfo ENOTFOUND ac-a329zsq-shard-00-02.9l4vydj.mongodb.net\n    at TLSSocket.<anonymous> (C:\\Users\\ASUS VIVOBOOK\\OneDrive\\Documents\\GitHub\\tuk-tuk-tracker\\tuk-tuk-tracker\\node_modules\\mongodb\\lib\\cmap\\connect.js:314:44)\n    at Object.onceWrapper (node:events:639:26)\n    at TLSSocket.emit (node:events:524:28)\n    at emitErrorNT (node:internal/streams/destroy:170:8)\n    at emitErrorCloseNT (node:internal/streams/destroy:129:3)\n    at process.processTicksAndRejections (node:internal/process/task_queues:90:21)","timestamp":"2026-10-09T04:43:15.978Z"}
{"level":"info","message":"✅ Database indexes created","timestamp":"2026-10-09T04:46:24.847Z"}
{"level":"info","message":"✅ MongoDB connected successfully","timestamp":"2026-10-09T04:46:24.852Z"}
{"level":"info","message":"WebSocket server initialized","timestamp":"2026-10-09T04:46:24.860Z"}
{"level":"info","message":"🚀 Server running on port 3000","timestamp":"2026-10-09T04:46:24.860Z"}
{"level":"info","message":"📝 Environment: development","timestamp":"2026-10-09T04:46:24.861Z"}
{"level":"info","message":"🔗 API URL: http://localhost:3000","timestamp":"2026-10-09T04:46:24.861Z"}
{"level":"info","message":"GET /dashboard - ::1","timestamp":"2026-10-09T04:46:32.728Z"}
{"level":"info","message":"GET /.well-known/appspecific/com.chrome.devtools.json - ::1","timestamp":"2026-10-09T04:46:32.794Z"}
{"level":"info","message":"GET /dashboard - ::1","timestamp":"2026-10-09T04:46:32.943Z"}
{"level":"info","message":"GET /.well-known/appspecific/com.chrome.devtools.json - ::1","timestamp":"2026-10-09T04:46:32.979Z"}
{"level":"info","message":"POST /api/auth/login - ::1","timestamp":"2026-10-09T04:46:35.331Z"}
{"level":"info","message":"WebSocket connected: User hq_admin (Role: HQ)","timestamp":"2026-10-09T04:46:35.863Z"}
{"level":"info","message":"POST /api/auth/login - ::1","timestamp":"2026-10-09T04:48:33.276Z"}
{"level":"info","message":"GET /api/locations/live - ::1","timestamp":"2026-10-09T04:48:33.681Z"}
{"level":"info","message":"POST /api/locations - ::1","timestamp":"2026-10-09T04:48:34.183Z"}
{"level":"info","message":"GET /api/locations/history - ::1","timestamp":"2026-10-09T04:48:34.571Z"}
{"level":"info","message":"POST /api/auth/login - ::1","timestamp":"2026-10-09T04:49:15.638Z"}
{"level":"info","message":"WebSocket connected: User hq_admin (Role: HQ)","timestamp":"2026-10-09T04:49:16.035Z"}
{"level":"info","message":"POST /api/locations - ::1","timestamp":"2026-10-09T04:50:58.656Z"}
{"level":"error","message":"404 - Vehicle not found or inactive - /api/locations - POST - ::1","timestamp":"2026-10-09T04:50:58.808Z"}
{"level":"info","message":"GET /api/vehicles - ::1","timestamp":"2026-10-09T04:51:21.062Z"}
{"level":"info","message":"POST /api/vehicles - ::1","timestamp":"2026-10-09T04:53:26.105Z"}
{"level":"info","message":"WebSocket disconnected: User hq_admin","timestamp":"2026-10-09T04:58:46.509Z"}
{"level":"info","message":"WebSocket disconnected: User hq_admin","timestamp":"2026-10-09T04:59:01.217Z"}
{"level":"info","message":"WebSocket connected: User hq_admin (Role: HQ)","timestamp":"2026-10-09T05:17:13.595Z"}
{"level":"info","message":"WebSocket connected: User hq_admin (Role: HQ)","timestamp":"2026-10-09T05:17:14.007Z"}
{"level":"info","message":"GET /api/users - ::1","timestamp":"2026-10-09T05:18:57.871Z"}
{"level":"info","message":"GET /api/districts - ::1","timestamp":"2026-10-09T05:21:45.418Z"}
{"level":"info","message":"GET /api/vehicles - ::1","timestamp":"2026-10-09T05:22:01.695Z"}
{"level":"info","message":"WebSocket disconnected: User hq_admin","timestamp":"2026-10-09T05:22:33.614Z"}
{"level":"info","message":"WebSocket disconnected: User hq_admin","timestamp":"2026-10-09T05:22:34.013Z"}
{"level":"info","message":"GET /api/provinces - ::1","timestamp":"2026-10-09T05:22:35.530Z"}
{"level":"info","message":"GET /api/police-stations - ::1","timestamp":"2026-10-09T05:22:47.426Z"}
